Provision (optional), deploy rascald, configure GitHub webhook/label, and write local config.

Usage:
  rascal init [flags]

Flags:
      --github-admin-token string     GitHub token with repo Webhooks (rw) and Issues (rw)
      --github-runtime-token string   GitHub token for remote runner operations (push/PR)
      --hcloud-token string           Hetzner Cloud token (or HCLOUD_TOKEN) used with --provision
  -h, --help                          help for init
      --host string                   existing server host
      --non-interactive               disable prompts and rely on flags
      --print-plan                    print resolved init actions and prerequisites without executing
      --provision                     provision a new Hetzner host before deploy
      --repo string                   default repository in OWNER/REPO form
      --skip-deploy                   skip remote deployment
      --skip-github                   skip GitHub webhook/label setup

Global Flags:
      --api-token string         orchestrator API token
      --client-ssh-host string   SSH target host for API transport=ssh/auto
      --client-ssh-key string    SSH private key path for API transport=ssh/auto
      --client-ssh-port int      SSH target port for API transport=ssh/auto
      --client-ssh-user string   SSH target user for API transport=ssh/auto
      --config string            config file path (default "$HOME/.rascal/config.toml")
      --default-repo string      default repository in OWNER/REPO form
      --env-file string          env file path (fallback: ./.rascal.env if present)
      --no-color                 disable ANSI color/style output (also set by NO_COLOR)
      --output string            output format: table|json|toml (default "table")
  -q, --quiet                    reduce non-essential output
      --server-url string        orchestrator URL
      --transport string         API transport: auto|http|ssh
