Configure and inspect GitHub repository integrations used by Rascal.

Usage:
  rascal repo [flags]
  rascal repo [command]

Examples:
rascal repo status OWNER/REPO
rascal repo enable OWNER/REPO --github-token "$GITHUB_TOKEN" --webhook-secret "$WEBHOOK_SECRET"

Available Commands:
  disable     Remove Rascal webhook from a repository
  enable      Ensure rascal label and webhook are configured
  status      Show Rascal label/webhook status

Flags:
  -h, --help   help for repo

Global Flags:
      --api-token string         orchestrator API token
      --client-ssh-host string   SSH target host for API transport=ssh/auto
      --client-ssh-key string    SSH private key path for API transport=ssh/auto
      --client-ssh-port int      SSH target port for API transport=ssh/auto
      --client-ssh-user string   SSH target user for API transport=ssh/auto
      --config string            config file path (default "$HOME/.rascal/config.toml")
      --default-repo string      default repository in OWNER/REPO form
      --env-file string          env file path (fallback: ./.rascal.env if present)
      --no-color                 disable ANSI color/style output (also set by NO_COLOR)
      --output string            output format: table|json|toml (default "table")
  -q, --quiet                    reduce non-essential output
      --server-url string        orchestrator URL
      --transport string         API transport: auto|http|ssh

Use "rascal repo [command] --help" for more information about a command.
